[1] "##################################################"
[1] "Model Summary"
[1] "##################################################"

Call:
glm(formula = case ~ education, family = binomial, data = infert)

Coefficients:
                             Estimate           Std. Error z value Pr(>|z|)
(Intercept)      -0.69314718055974534  0.61237232325705460   -1.13     0.26
education6-11yrs  0.00000000000000142  0.64226151100651341    0.00     1.00
education12+ yrs  0.01290340483587743  0.64313908926617003    0.02     0.98

(Dispersion parameter for binomial family taken to be 1)

    Null deviance: 316.17  on 247  degrees of freedom
Residual deviance: 316.17  on 245  degrees of freedom
AIC: 322.2

Number of Fisher Scoring iterations: 4

[1] "##################################################"
[1] "Summary"
[1] "##################################################"
    AIC df.residual df.null deviance null.deviance    epsilon           tol qr.rank rank maxit iteration  method converged boundary trace
1 322.2         245     247    316.2         316.2 0.00000001 0.00000000001       3    3    25         4 glm.fit      TRUE    FALSE FALSE
[1] "##################################################"
[1] "Confusion Matrix"
[1] "##################################################"
         0     1    sum    p
0    88.00 44.00 132.00 0.67
1    77.00 39.00 116.00 0.34
sum 165.00 83.00 248.00 1.00
p     0.53  0.47   1.00 0.51
[1] "##################################################"
[1] "Confusion Matrix Performance"
[1] "##################################################"
  cut_point Overall Collumn_Observed.1 Collumn_Observed.2 Row_Predicted.1 Row_Predicted.2 Mean_proportion
1   -0.6931    0.35               0.67               0.33            0.05            0.95          0.5000
2   -0.6831    0.51               0.67               0.34            0.53            0.47          0.5025
[1] "##################################################"
[1] "Confusion Matrix Best Cut"
[1] "##################################################"
[1] -0.6831
[1] "##################################################"
[1] "Pseudo R^2"
[1] "##################################################"
                     Test   Statistic                                        Notes
1 Hosmer and Lemeshow R^2 0.000007241                                             
2       Cox and Snell R^2 0.000009231 Cox and Snell R^2 never reaches maximum of 1
3          Nagelkerke R^2 0.000012812                                             
[1] "##################################################"
[1] "X^2"
[1] "##################################################"
  Chi.Squared df      p          R2                                                                                  Note
1    0.002289  2 0.9989 0.000007241 Significance indicates that the model is better than chance at predicting the outcome
[1] "##################################################"
[1] "Variance Inflation Factor"
[1] "##################################################"
data frame with 0 columns and 0 rows
[1] "##################################################"
[1] "Outlier Descriptives"
[1] "##################################################"
[1] "Problematic values for standardized residuals > +-1.96"                                                                             
[2] "Problematic values for dfbeta >= 1"                                                                                                 
[3] "Problematic values for Hat values (leverage) 2 or 3 times the average (k+1/n) where k=number of predictors n=number of participants"
[1] "#########################"
                  variable   n                   mean        sd                  median                  trimmed                    mad       min      max     range    skew kurtosis         se
1            variable.case 248  0.3346774193548386900 0.4728318  0.00000000000000000000  0.294999999999999984457 0.00000000000000000000  0.000000  1.00000 1.0000000  0.6965  -1.5210 0.03002485
2                  weights 248  0.2226664665434283097 0.0004748  0.22222230382744470600  0.222659114884680986446 0.00000000000000008230  0.222222  0.22317 0.0009496  0.1285  -1.9915 0.00003015
3            prior_weights 248  1.0000000000000000000 0.0000000  1.00000000000000000000  1.000000000000000000000 0.00000000000000000000  1.000000  1.00000 0.0000000     NaN      NaN 0.00000000
4        linear_predictors 248 -0.6871117170074794167 0.0064513 -0.69314718055974389177 -0.687211614335240916773 0.00000000000000213982 -0.693147 -0.68024 0.0129034  0.1285  -1.9915 0.00040966
5                  effects 248 -0.0558584207201347979 1.0518897 -0.70487643696046942132 -0.148503611660367684788 0.15485525237014674538 -1.110883  5.10590 6.2167788  1.0429   0.5662 0.06679506
6                   fitted 248  0.3346774193548802123 0.0014367  0.33333333333337805682  0.334655172413834689493 0.00000000000000032920  0.333333  0.33621 0.0028736  0.1285  -1.9915 0.00009123
7                residuals 248 -0.0000000000001864443 2.1234939 -1.50000000000010080825 -0.179220779220951864641 0.00962727272725042577 -1.506494  3.00000 4.5064935  0.6965  -1.5209 0.13484200
8   standardized_residuals 248 -0.0000000000000884804 1.0082815 -0.71007160249679768249 -0.084832628444475408069 0.00696755014678166092 -0.738549  1.47710 2.2156468  0.6966  -1.5204 0.06402594
9        student_residuals 248 -0.0000000000000884804 1.0082815 -0.71007160249679768249 -0.084832628444475408069 0.00696755014678166092 -0.738549  1.47710 2.2156468  0.6966  -1.5204 0.06402594
10      dfbeta.(Intercept) 248 -0.0000000000000009193 0.0425065  0.00000000000000007191  0.000000000000000005058 0.00000000000000002279 -0.136364  0.27273 0.4090909  3.1951  27.7505 0.00269917
11 dfbeta.education6-11yrs 248  0.0000000000000001021 0.0442853 -0.00000000000000011134 -0.000756302521009068825 0.01868823529411886217 -0.272727  0.13636 0.4090909 -2.8031  23.1188 0.00281212
12 dfbeta.education12+ yrs 248  0.0000000000000002330 0.0443388 -0.00000000000000004296 -0.000759124933038530353 0.01942197628458616765 -0.272727  0.13636 0.4090909 -2.7920  22.9947 0.00281551
13                  dffits 248 -0.0000000000000092466 0.1142557 -0.06509216903080446148 -0.007827427216143694605 0.00231373884888236249 -0.222681  0.44536 0.6680428  1.0740   1.8074 0.00725524
14               hatvalues 248  0.0120967741935484197 0.0160965  0.00862068965517243276  0.008482758620689669765 0.00042603448275863607  0.008333  0.08333 0.0750000  4.1833  15.5641 0.00102213
                     IQR                   Q0.1                  Q0.25                    Q0.5                   Q0.75                    Q0.9
1  1.0000000000000000000  0.0000000000000000000  0.0000000000000000000  0.00000000000000000000  1.00000000000000000000  1.00000000000000000000
2  0.0009495892548616047  0.2222223038274446505  0.2222223038274446505  0.22222230382744470600  0.22317189308230625522  0.22317189308230625522
3  0.0000000000000000000  1.0000000000000000000  1.0000000000000000000  1.00000000000000000000  1.00000000000000000000  1.00000000000000000000
4  0.0129034048358759312 -0.6931471805597438918 -0.6931471805597438918 -0.69314718055974389177 -0.68024377572386796054 -0.68024377572386796054
5  2.1168020688533193407 -0.8093248737405495108 -0.8093248737405495108 -0.70487643696046942132  1.30747719511276994098  1.41644351709993920885
6  0.0028735632183839455  0.3333333333333780568  0.3333333333333780568  0.33333333333337805682  0.33620689655176200228  0.33620689655176200228
7  4.4808524808522314231 -1.5064935064935922604 -1.5064935064935922604 -1.50000000000010080825  2.97435897435863916272  2.99999999999959765518
8  2.1259859866585055777 -0.7147711506869917075 -0.7147711506869917075 -0.71007160249679768249  1.41121483597151375911  1.42014320499330959358
9  2.1259859866585055777 -0.7147711506869917075 -0.7147711506869917075 -0.71007160249679768249  1.41121483597151375911  1.42014320499330959358
10 0.0000000000000002311 -0.0000000000000001723 -0.0000000000000001438  0.00000000000000007191  0.00000000000000008728  0.00000000000000008728
11 0.0126050420168078749 -0.0126050420168076546 -0.0126050420168076546 -0.00000000000000011134  0.00000000000000021982  0.02521008403361022984
12 0.0130999435347270762 -0.0130999435347269894 -0.0130999435347269894 -0.00000000000000004296  0.00000000000000008592  0.02586399108137966626
13 0.1968371025658003370 -0.0666527645042176292 -0.0666527645042176292 -0.06509216903080446148  0.13018433806158269395  0.13159648376471502762
14 0.0002873563218390909  0.0083333333333333419  0.0083333333333333419  0.00862068965517243276  0.00862068965517243276  0.00862068965517243276
[1] "##################################################"
[1] "Call"
[1] "##################################################"
                                                     call
1 glm(formula=case~education,family=binomial,data=infert)
NULL
